Archive member included to satisfy reference by file (symbol)

d:/users/binh viet/stm32cubeide_1.7.0/stm32cubeide/plugins/com.st.stm32cube.ide.mcu.externaltools.gnu-tools-for-stm32.9-2020-q2-update.win32_2.0.0.202105311346/tools/bin/../lib/gcc/arm-none-eabi/9.3.1/../../../../arm-none-eabi/lib/thumb/v7-m/nofp\libc_nano.a(lib_a-errno.o)
                              ./Core/Src/syscalls.o (__errno)
d:/users/binh viet/stm32cubeide_1.7.0/stm32cubeide/plugins/com.st.stm32cube.ide.mcu.externaltools.gnu-tools-for-stm32.9-2020-q2-update.win32_2.0.0.202105311346/tools/bin/../lib/gcc/arm-none-eabi/9.3.1/../../../../arm-none-eabi/lib/thumb/v7-m/nofp\libc_nano.a(lib_a-exit.o)
                              d:/users/binh viet/stm32cubeide_1.7.0/stm32cubeide/plugins/com.st.stm32cube.ide.mcu.externaltools.gnu-tools-for-stm32.9-2020-q2-update.win32_2.0.0.202105311346/tools/bin/../lib/gcc/arm-none-eabi/9.3.1/../../../../arm-none-eabi/lib/thumb/v7-m/nofp/crt0.o (exit)
d:/users/binh viet/stm32cubeide_1.7.0/stm32cubeide/plugins/com.st.stm32cube.ide.mcu.externaltools.gnu-tools-for-stm32.9-2020-q2-update.win32_2.0.0.202105311346/tools/bin/../lib/gcc/arm-none-eabi/9.3.1/../../../../arm-none-eabi/lib/thumb/v7-m/nofp\libc_nano.a(lib_a-impure.o)
                              d:/users/binh viet/stm32cubeide_1.7.0/stm32cubeide/plugins/com.st.stm32cube.ide.mcu.externaltools.gnu-tools-for-stm32.9-2020-q2-update.win32_2.0.0.202105311346/tools/bin/../lib/gcc/arm-none-eabi/9.3.1/../../../../arm-none-eabi/lib/thumb/v7-m/nofp\libc_nano.a(lib_a-exit.o) (_global_impure_ptr)
d:/users/binh viet/stm32cubeide_1.7.0/stm32cubeide/plugins/com.st.stm32cube.ide.mcu.externaltools.gnu-tools-for-stm32.9-2020-q2-update.win32_2.0.0.202105311346/tools/bin/../lib/gcc/arm-none-eabi/9.3.1/../../../../arm-none-eabi/lib/thumb/v7-m/nofp\libc_nano.a(lib_a-init.o)
                              d:/users/binh viet/stm32cubeide_1.7.0/stm32cubeide/plugins/com.st.stm32cube.ide.mcu.externaltools.gnu-tools-for-stm32.9-2020-q2-update.win32_2.0.0.202105311346/tools/bin/../lib/gcc/arm-none-eabi/9.3.1/../../../../arm-none-eabi/lib/thumb/v7-m/nofp/crt0.o (__libc_init_array)
d:/users/binh viet/stm32cubeide_1.7.0/stm32cubeide/plugins/com.st.stm32cube.ide.mcu.externaltools.gnu-tools-for-stm32.9-2020-q2-update.win32_2.0.0.202105311346/tools/bin/../lib/gcc/arm-none-eabi/9.3.1/../../../../arm-none-eabi/lib/thumb/v7-m/nofp\libc_nano.a(lib_a-memset.o)
                              d:/users/binh viet/stm32cubeide_1.7.0/stm32cubeide/plugins/com.st.stm32cube.ide.mcu.externaltools.gnu-tools-for-stm32.9-2020-q2-update.win32_2.0.0.202105311346/tools/bin/../lib/gcc/arm-none-eabi/9.3.1/../../../../arm-none-eabi/lib/thumb/v7-m/nofp/crt0.o (memset)

Allocating common symbols
Common symbol       size              file

counter3            0x4               ./Core/Src/softwareTimer.o
counterLedRed2      0x4               ./Core/Src/normalMode.o
uwTick              0x4               ./Drivers/STM32F1xx_HAL_Driver/Src/stm32f1xx_hal.o
pFlash              0x20              ./Drivers/STM32F1xx_HAL_Driver/Src/stm32f1xx_hal_flash.o
counter1            0x4               ./Core/Src/softwareTimer.o
flag2               0x4               ./Core/Src/softwareTimer.o
flag4               0x4               ./Core/Src/softwareTimer.o
counterLedGreen1    0x4               ./Core/Src/normalMode.o
flag1               0x4               ./Core/Src/softwareTimer.o
counterLedYellow1   0x4               ./Core/Src/normalMode.o
counterLedYellow2   0x4               ./Core/Src/normalMode.o
counterLedGreen2    0x4               ./Core/Src/normalMode.o
counter4            0x4               ./Core/Src/softwareTimer.o
htim2               0x48              ./Core/Src/main.o
counterLedRed1      0x4               ./Core/Src/normalMode.o
flag3               0x4               ./Core/Src/softwareTimer.o
counter2            0x4               ./Core/Src/softwareTimer.o

Discarded input sections

 .text          0x0000000000000000        0x0 d:/users/binh viet/stm32cubeide_1.7.0/stm32cubeide/plugins/com.st.stm32cube.ide.mcu.externaltools.gnu-tools-for-stm32.9-2020-q2-update.win32_2.0.0.202105311346/tools/bin/../lib/gcc/arm-none-eabi/9.3.1/thumb/v7-m/nofp/crti.o
 .data          0x0000000000000000        0x0 d:/users/binh viet/stm32cubeide_1.7.0/stm32cubeide/plugins/com.st.stm32cube.ide.mcu.externaltools.gnu-tools-for-stm32.9-2020-q2-update.win32_2.0.0.202105311346/tools/bin/../lib/gcc/arm-none-eabi/9.3.1/thumb/v7-m/nofp/crti.o
 .bss           0x0000000000000000        0x0 d:/users/binh viet/stm32cubeide_1.7.0/stm32cubeide/plugins/com.st.stm32cube.ide.mcu.externaltools.gnu-tools-for-stm32.9-2020-q2-update.win32_2.0.0.202105311346/tools/bin/../lib/gcc/arm-none-eabi/9.3.1/thumb/v7-m/nofp/crti.o
[...]
Memory Configuration

Name             Origin             Length             Attributes
RAM              0x0000000020000000 0x0000000000002800 xrw
FLASH            0x0000000008000000 0x0000000000008000 xr
*default*        0x0000000000000000 0xffffffffffffffff

Linker script and memory map

LOAD d:/users/binh viet/stm32cubeide_1.7.0/stm32cubeide/plugins/com.st.stm32cube.ide.mcu.externaltools.gnu-tools-for-stm32.9-2020-q2-update.win32_2.0.0.202105311346/tools/bin/../lib/gcc/arm-none-eabi/9.3.1/thumb/v7-m/nofp/crti.o
LOAD d:/users/binh viet/stm32cubeide_1.7.0/stm32cubeide/plugins/com.st.stm32cube.ide.mcu.externaltools.gnu-tools-for-stm32.9-2020-q2-update.win32_2.0.0.202105311346/tools/bin/../lib/gcc/arm-none-eabi/9.3.1/thumb/v7-m/nofp/crtbegin.o
LOAD d:/users/binh viet/stm32cubeide_1.7.0/stm32cubeide/plugins/com.st.stm32cube.ide.mcu.externaltools.gnu-tools-for-stm32.9-2020-q2-update.win32_2.0.0.202105311346/tools/bin/../lib/gcc/arm-none-eabi/9.3.1/../../../../arm-none-eabi/lib/thumb/v7-m/nofp/crt0.o
LOAD ./Core/Src/button.o
LOAD ./Core/Src/deviceDriver7Segment.o
LOAD ./Core/Src/deviceDriverSingleLed.o
LOAD ./Core/Src/main.o
LOAD ./Core/Src/normalMode.o
LOAD ./Core/Src/physical7Segment.o
LOAD ./Core/Src/physicalSingleLed.o
LOAD ./Core/Src/softwareTimer.o
LOAD ./Core/Src/stm32f1xx_hal_msp.o
LOAD ./Core/Src/stm32f1xx_it.o
LOAD ./Core/Src/syscalls.o
LOAD ./Core/Src/sysmem.o
LOAD ./Core/Src/system_stm32f1xx.o
LOAD ./Core/Startup/startup_stm32f103c6ux.o
LOAD ./Drivers/STM32F1xx_HAL_Driver/Src/stm32f1xx_hal.o
LOAD ./Drivers/STM32F1xx_HAL_Driver/Src/stm32f1xx_hal_cortex.o
LOAD ./Drivers/STM32F1xx_HAL_Driver/Src/stm32f1xx_hal_dma.o
LOAD ./Drivers/STM32F1xx_HAL_Driver/Src/stm32f1xx_hal_exti.o
LOAD ./Drivers/STM32F1xx_HAL_Driver/Src/stm32f1xx_hal_flash.o
LOAD ./Drivers/STM32F1xx_HAL_Driver/Src/stm32f1xx_hal_flash_ex.o
LOAD ./Drivers/STM32F1xx_HAL_Driver/Src/stm32f1xx_hal_gpio.o
LOAD ./Drivers/STM32F1xx_HAL_Driver/Src/stm32f1xx_hal_gpio_ex.o
LOAD ./Drivers/STM32F1xx_HAL_Driver/Src/stm32f1xx_hal_pwr.o
LOAD ./Drivers/STM32F1xx_HAL_Driver/Src/stm32f1xx_hal_rcc.o
LOAD ./Drivers/STM32F1xx_HAL_Driver/Src/stm32f1xx_hal_rcc_ex.o
LOAD ./Drivers/STM32F1xx_HAL_Driver/Src/stm32f1xx_hal_tim.o
LOAD ./Drivers/STM32F1xx_HAL_Driver/Src/stm32f1xx_hal_tim_ex.o
START GROUP
LOAD d:/users/binh viet/stm32cubeide_1.7.0/stm32cubeide/plugins/com.st.stm32cube.ide.mcu.externaltools.gnu-tools-for-stm32.9-2020-q2-update.win32_2.0.0.202105311346/tools/bin/../lib/gcc/arm-none-eabi/9.3.1/../../../../arm-none-eabi/lib/thumb/v7-m/nofp\libc_nano.a
LOAD d:/users/binh viet/stm32cubeide_1.7.0/stm32cubeide/plugins/com.st.stm32cube.ide.mcu.externaltools.gnu-tools-for-stm32.9-2020-q2-update.win32_2.0.0.202105311346/tools/bin/../lib/gcc/arm-none-eabi/9.3.1/../../../../arm-none-eabi/lib/thumb/v7-m/nofp\libm.a
END GROUP
START GROUP
LOAD d:/users/binh viet/stm32cubeide_1.7.0/stm32cubeide/plugins/com.st.stm32cube.ide.mcu.externaltools.gnu-tools-for-stm32.9-2020-q2-update.win32_2.0.0.202105311346/tools/bin/../lib/gcc/arm-none-eabi/9.3.1/thumb/v7-m/nofp\libgcc.a
LOAD d:/users/binh viet/stm32cubeide_1.7.0/stm32cubeide/plugins/com.st.stm32cube.ide.mcu.externaltools.gnu-tools-for-stm32.9-2020-q2-update.win32_2.0.0.202105311346/tools/bin/../lib/gcc/arm-none-eabi/9.3.1/../../../../arm-none-eabi/lib/thumb/v7-m/nofp\libc_nano.a
END GROUP
START GROUP
LOAD d:/users/binh viet/stm32cubeide_1.7.0/stm32cubeide/plugins/com.st.stm32cube.ide.mcu.externaltools.gnu-tools-for-stm32.9-2020-q2-update.win32_2.0.0.202105311346/tools/bin/../lib/gcc/arm-none-eabi/9.3.1/thumb/v7-m/nofp\libgcc.a
LOAD d:/users/binh viet/stm32cubeide_1.7.0/stm32cubeide/plugins/com.st.stm32cube.ide.mcu.externaltools.gnu-tools-for-stm32.9-2020-q2-update.win32_2.0.0.202105311346/tools/bin/../lib/gcc/arm-none-eabi/9.3.1/../../../../arm-none-eabi/lib/thumb/v7-m/nofp\libc_nano.a
LOAD d:/users/binh viet/stm32cubeide_1.7.0/stm32cubeide/plugins/com.st.stm32cube.ide.mcu.externaltools.gnu-tools-for-stm32.9-2020-q2-update.win32_2.0.0.202105311346/tools/bin/../lib/gcc/arm-none-eabi/9.3.1/../../../../arm-none-eabi/lib/thumb/v7-m/nofp\libnosys.a
END GROUP
START GROUP
LOAD d:/users/binh viet/stm32cubeide_1.7.0/stm32cubeide/plugins/com.st.stm32cube.ide.mcu.externaltools.gnu-tools-for-stm32.9-2020-q2-update.win32_2.0.0.202105311346/tools/bin/../lib/gcc/arm-none-eabi/9.3.1/thumb/v7-m/nofp\libgcc.a
LOAD d:/users/binh viet/stm32cubeide_1.7.0/stm32cubeide/plugins/com.st.stm32cube.ide.mcu.externaltools.gnu-tools-for-stm32.9-2020-q2-update.win32_2.0.0.202105311346/tools/bin/../lib/gcc/arm-none-eabi/9.3.1/../../../../arm-none-eabi/lib/thumb/v7-m/nofp\libc_nano.a
LOAD d:/users/binh viet/stm32cubeide_1.7.0/stm32cubeide/plugins/com.st.stm32cube.ide.mcu.externaltools.gnu-tools-for-stm32.9-2020-q2-update.win32_2.0.0.202105311346/tools/bin/../lib/gcc/arm-none-eabi/9.3.1/../../../../arm-none-eabi/lib/thumb/v7-m/nofp\libnosys.a
END GROUP
LOAD d:/users/binh viet/stm32cubeide_1.7.0/stm32cubeide/plugins/com.st.stm32cube.ide.mcu.externaltools.gnu-tools-for-stm32.9-2020-q2-update.win32_2.0.0.202105311346/tools/bin/../lib/gcc/arm-none-eabi/9.3.1/thumb/v7-m/nofp/crtend.o
LOAD d:/users/binh viet/stm32cubeide_1.7.0/stm32cubeide/plugins/com.st.stm32cube.ide.mcu.externaltools.gnu-tools-for-stm32.9-2020-q2-update.win32_2.0.0.202105311346/tools/bin/../lib/gcc/arm-none-eabi/9.3.1/thumb/v7-m/nofp/crtn.o
                0x0000000020002800                _estack = (ORIGIN (RAM) + LENGTH (RAM))
                0x0000000000000200                _Min_Heap_Size = 0x200
                0x0000000000000400                _Min_Stack_Size = 0x400

.isr_vector     0x0000000008000000      0x10c
                0x0000000008000000                . = ALIGN (0x4)
 *(.isr_vector)
 .isr_vector    0x0000000008000000      0x10c ./Core/Startup/startup_stm32f103c6ux.o
                0x0000000008000000                g_pfnVectors
                0x000000000800010c                . = ALIGN (0x4)

.text           0x000000000800010c     0x2a24
                0x000000000800010c                . = ALIGN (0x4)
 *(.text)
 .text          0x000000000800010c       0x40 d:/users/binh viet/stm32cubeide_1.7.0/stm32cubeide/plugins/com.st.stm32cube.ide.mcu.externaltools.gnu-tools-for-stm32.9-2020-q2-update.win32_2.0.0.202105311346/tools/bin/../lib/gcc/arm-none-eabi/9.3.1/thumb/v7-m/nofp/crtbegin.o
 *(.text*)
 .text.getInput
                0x000000000800014c      0x19c ./Core/Src/button.o
                0x000000000800014c                getInput
 .text.update7SEGBuffer
                0x00000000080002e8       0xa0 ./Core/Src/deviceDriver7Segment.o
                0x00000000080002e8                update7SEGBuffer
 .text.update7SEGBufferTraffic1
                0x0000000008000388       0x18 ./Core/Src/deviceDriver7Segment.o
                0x0000000008000388                update7SEGBufferTraffic1
 .text.update7SEGBufferTraffic2
                0x00000000080003a0       0x18 ./Core/Src/deviceDriver7Segment.o
                0x00000000080003a0                update7SEGBufferTraffic2
 .text.update7SEGBufferMode
                0x00000000080003b8       0x18 ./Core/Src/deviceDriver7Segment.o
                0x00000000080003b8                update7SEGBufferMode
 .text.DISPLAYALL7SEG
                0x00000000080003d0        0xc ./Core/Src/deviceDriver7Segment.o
                0x00000000080003d0                DISPLAYALL7SEG
 .text.blinkingYELLOW
                0x00000000080003dc       0x18 ./Core/Src/deviceDriverSingleLed.o
                0x00000000080003dc                blinkingYELLOW
 .text.blinkingRED
                0x00000000080003f4       0x18 ./Core/Src/deviceDriverSingleLed.o
                0x00000000080003f4                blinkingRED
 .text.blinkingGREEN
                0x000000000800040c       0x18 ./Core/Src/deviceDriverSingleLed.o
                0x000000000800040c                blinkingGREEN
 .text.offAllSingLEDs
                0x0000000008000424       0x18 ./Core/Src/deviceDriverSingleLed.o
                0x0000000008000424                offAllSingLEDs
 .text.onAllSingLEDs
                0x000000000800043c       0x18 ./Core/Src/deviceDriverSingleLed.o
                0x000000000800043c                onAllSingLEDs
 .text.onSingleRedTraffic1
                0x0000000008000454       0x10 ./Core/Src/deviceDriverSingleLed.o
                0x0000000008000454                onSingleRedTraffic1
 .text.onSingleYellowTraffic1
                0x0000000008000464       0x10 ./Core/Src/deviceDriverSingleLed.o
                0x0000000008000464                onSingleYellowTraffic1
 .text.onSingleGreenTraffic1
                0x0000000008000474       0x10 ./Core/Src/deviceDriverSingleLed.o
                0x0000000008000474                onSingleGreenTraffic1
 .text.onSingleRedTraffic2
                0x0000000008000484       0x10 ./Core/Src/deviceDriverSingleLed.o
                0x0000000008000484                onSingleRedTraffic2
 .text.onSingleYellowTraffic2
                0x0000000008000494       0x10 ./Core/Src/deviceDriverSingleLed.o
                0x0000000008000494                onSingleYellowTraffic2
 .text.onSingleGreenTraffic2
                0x00000000080004a4       0x10 ./Core/Src/deviceDriverSingleLed.o
                0x00000000080004a4                onSingleGreenTraffic2
 .text.main     0x00000000080004b4      0x3b8 ./Core/Src/main.o
                0x00000000080004b4                main
 .text.SystemClock_Config
                0x000000000800086c       0x76 ./Core/Src/main.o
                0x000000000800086c                SystemClock_Config
 *fill*         0x00000000080008e2        0x2 
 .text.MX_TIM2_Init
                0x00000000080008e4       0x98 ./Core/Src/main.o
 .text.MX_GPIO_Init
                0x000000000800097c       0xcc ./Core/Src/main.o
 .text.HAL_TIM_PeriodElapsedCallback
                0x0000000008000a48       0x14 ./Core/Src/main.o
                0x0000000008000a48                HAL_TIM_PeriodElapsedCallback
 .text.Error_Handler
                0x0000000008000a5c        0xa ./Core/Src/main.o
                0x0000000008000a5c                Error_Handler
 *fill*         0x0000000008000a66        0x2 
 .text.normalModeFunction
                0x0000000008000a68      0x27c ./Core/Src/normalMode.o
                0x0000000008000a68                normalModeFunction
 .text.show7SEG
                0x0000000008000ce4       0x80 ./Core/Src/physical7Segment.o
                0x0000000008000ce4                show7SEG
 .text.display  0x0000000008000d64      0x168 ./Core/Src/physical7Segment.o
                0x0000000008000d64                display
 .text.Scan7SEG
                0x0000000008000ecc      0x140 ./Core/Src/physical7Segment.o
                0x0000000008000ecc                Scan7SEG
 .text.controlSingleLed
                0x000000000800100c      0x204 ./Core/Src/physicalSingleLed.o
                0x000000000800100c                controlSingleLed
 .text.runTimer
                0x0000000008001210       0xac ./Core/Src/softwareTimer.o
                0x0000000008001210                runTimer
 .text.setTimer1
                0x00000000080012bc       0x28 ./Core/Src/softwareTimer.o
                0x00000000080012bc                setTimer1
 .text.setTimer2
                0x00000000080012e4       0x28 ./Core/Src/softwareTimer.o
                0x00000000080012e4                setTimer2
 .text.setTimer3
                0x000000000800130c       0x28 ./Core/Src/softwareTimer.o
                0x000000000800130c                setTimer3
 .text.setTimer4
                0x0000000008001334       0x28 ./Core/Src/softwareTimer.o
                0x0000000008001334                setTimer4
 .text.HAL_MspInit
                0x000000000800135c       0x64 ./Core/Src/stm32f1xx_hal_msp.o
                0x000000000800135c                HAL_MspInit
 .text.HAL_TIM_Base_MspInit
                0x00000000080013c0       0x48 ./Core/Src/stm32f1xx_hal_msp.o
                0x00000000080013c0                HAL_TIM_Base_MspInit
 .text.NMI_Handler
                0x0000000008001408        0x6 ./Core/Src/stm32f1xx_it.o
                0x0000000008001408                NMI_Handler
 .text.HardFault_Handler
                0x000000000800140e        0x6 ./Core/Src/stm32f1xx_it.o
                0x000000000800140e                HardFault_Handler
 .text.MemManage_Handler
                0x0000000008001414        0x6 ./Core/Src/stm32f1xx_it.o
                0x0000000008001414                MemManage_Handler
 .text.BusFault_Handler
                0x000000000800141a        0x6 ./Core/Src/stm32f1xx_it.o
                0x000000000800141a                BusFault_Handler
 .text.UsageFault_Handler
                0x0000000008001420        0x6 ./Core/Src/stm32f1xx_it.o
                0x0000000008001420                UsageFault_Handler
 .text.SVC_Handler
                0x0000000008001426        0xc ./Core/Src/stm32f1xx_it.o
                0x0000000008001426                SVC_Handler
 .text.DebugMon_Handler
                0x0000000008001432        0xc ./Core/Src/stm32f1xx_it.o
                0x0000000008001432                DebugMon_Handler
 .text.PendSV_Handler
                0x000000000800143e        0xc ./Core/Src/stm32f1xx_it.o
                0x000000000800143e                PendSV_Handler
 .text.SysTick_Handler
                0x000000000800144a        0xc ./Core/Src/stm32f1xx_it.o
                0x000000000800144a                SysTick_Handler
 *fill*         0x0000000008001456        0x2 
 .text.TIM2_IRQHandler
                0x0000000008001458       0x14 ./Core/Src/stm32f1xx_it.o
                0x0000000008001458                TIM2_IRQHandler
 .text.SystemInit
                0x000000000800146c        0xc ./Core/Src/system_stm32f1xx.o
                0x000000000800146c                SystemInit
 .text.Reset_Handler
                0x0000000008001478       0x48 ./Core/Startup/startup_stm32f103c6ux.o
                0x0000000008001478                Reset_Handler
 .text.Default_Handler
                0x00000000080014c0        0x2 ./Core/Startup/startup_stm32f103c6ux.o
                0x00000000080014c0                RTC_Alarm_IRQHandler
                0x00000000080014c0                EXTI2_IRQHandler
                0x00000000080014c0                TIM1_CC_IRQHandler
                0x00000000080014c0                PVD_IRQHandler
                0x00000000080014c0                EXTI3_IRQHandler
                0x00000000080014c0                EXTI0_IRQHandler
                0x00000000080014c0                ADC1_2_IRQHandler
                0x00000000080014c0                SPI1_IRQHandler
                0x00000000080014c0                TAMPER_IRQHandler
                0x00000000080014c0                DMA1_Channel4_IRQHandler
                0x00000000080014c0                RTC_IRQHandler
                0x00000000080014c0                DMA1_Channel7_IRQHandler
                0x00000000080014c0                CAN1_RX1_IRQHandler
                0x00000000080014c0                I2C1_EV_IRQHandler
                0x00000000080014c0                DMA1_Channel6_IRQHandler
                0x00000000080014c0                TIM3_IRQHandler
                0x00000000080014c0                RCC_IRQHandler
                0x00000000080014c0                TIM1_TRG_COM_IRQHandler
                0x00000000080014c0                DMA1_Channel1_IRQHandler
                0x00000000080014c0                Default_Handler
                0x00000000080014c0                EXTI15_10_IRQHandler
                0x00000000080014c0                EXTI9_5_IRQHandler
                0x00000000080014c0                DMA1_Channel5_IRQHandler
                0x00000000080014c0                EXTI4_IRQHandler
                0x00000000080014c0                USB_LP_CAN1_RX0_IRQHandler
                0x00000000080014c0                USB_HP_CAN1_TX_IRQHandler
                0x00000000080014c0                DMA1_Channel3_IRQHandler
                0x00000000080014c0                TIM1_UP_IRQHandler
                0x00000000080014c0                WWDG_IRQHandler
                0x00000000080014c0                TIM1_BRK_IRQHandler
                0x00000000080014c0                EXTI1_IRQHandler
                0x00000000080014c0                USART2_IRQHandler
                0x00000000080014c0                DMA1_Channel2_IRQHandler
                0x00000000080014c0                CAN1_SCE_IRQHandler
                0x00000000080014c0                FLASH_IRQHandler
                0x00000000080014c0                USART1_IRQHandler
                0x00000000080014c0                I2C1_ER_IRQHandler
                0x00000000080014c0                USBWakeUp_IRQHandler
 *fill*         0x00000000080014c2        0x2 
 .text.HAL_Init
                0x00000000080014c4       0x2c ./Drivers/STM32F1xx_HAL_Driver/Src/stm32f1xx_hal.o
                0x00000000080014c4                HAL_Init
 .text.HAL_InitTick
                0x00000000080014f0       0x60 ./Drivers/STM32F1xx_HAL_Driver/Src/stm32f1xx_hal.o
                0x00000000080014f0                HAL_InitTick
 .text.HAL_IncTick
                0x0000000008001550       0x24 ./Drivers/STM32F1xx_HAL_Driver/Src/stm32f1xx_hal.o
                0x0000000008001550                HAL_IncTick
 .text.HAL_GetTick
                0x0000000008001574       0x14 ./Drivers/STM32F1xx_HAL_Driver/Src/stm32f1xx_hal.o
                0x0000000008001574                HAL_GetTick
 .text.__NVIC_SetPriorityGrouping
                0x0000000008001588       0x48 ./Drivers/STM32F1xx_HAL_Driver/Src/stm32f1xx_hal_cortex.o
 .text.__NVIC_GetPriorityGrouping
                0x00000000080015d0       0x1c ./Drivers/STM32F1xx_HAL_Driver/Src/stm32f1xx_hal_cortex.o
 .text.__NVIC_EnableIRQ
                0x00000000080015ec       0x38 ./Drivers/STM32F1xx_HAL_Driver/Src/stm32f1xx_hal_cortex.o
 .text.__NVIC_SetPriority
                0x0000000008001624       0x54 ./Drivers/STM32F1xx_HAL_Driver/Src/stm32f1xx_hal_cortex.o
 .text.NVIC_EncodePriority
                0x0000000008001678       0x64 ./Drivers/STM32F1xx_HAL_Driver/Src/stm32f1xx_hal_cortex.o
 .text.SysTick_Config
                0x00000000080016dc       0x44 ./Drivers/STM32F1xx_HAL_Driver/Src/stm32f1xx_hal_cortex.o
 .text.HAL_NVIC_SetPriorityGrouping
                0x0000000008001720       0x16 ./Drivers/STM32F1xx_HAL_Driver/Src/stm32f1xx_hal_cortex.o
                0x0000000008001720                HAL_NVIC_SetPriorityGrouping
 .text.HAL_NVIC_SetPriority
                0x0000000008001736       0x38 ./Drivers/STM32F1xx_HAL_Driver/Src/stm32f1xx_hal_cortex.o
                0x0000000008001736                HAL_NVIC_SetPriority
 .text.HAL_NVIC_EnableIRQ
                0x000000000800176e       0x1c ./Drivers/STM32F1xx_HAL_Driver/Src/stm32f1xx_hal_cortex.o
                0x000000000800176e                HAL_NVIC_EnableIRQ
 .text.HAL_SYSTICK_Config
                0x000000000800178a       0x18 ./Drivers/STM32F1xx_HAL_Driver/Src/stm32f1xx_hal_cortex.o
                0x000000000800178a                HAL_SYSTICK_Config
 *fill*         0x00000000080017a2        0x2 
 .text.HAL_GPIO_Init
                0x00000000080017a4      0x2f4 ./Drivers/STM32F1xx_HAL_Driver/Src/stm32f1xx_hal_gpio.o
                0x00000000080017a4                HAL_GPIO_Init
 .text.HAL_GPIO_ReadPin
                0x0000000008001a98       0x2e ./Drivers/STM32F1xx_HAL_Driver/Src/stm32f1xx_hal_gpio.o
                0x0000000008001a98                HAL_GPIO_ReadPin
 .text.HAL_GPIO_WritePin
                0x0000000008001ac6       0x30 ./Drivers/STM32F1xx_HAL_Driver/Src/stm32f1xx_hal_gpio.o
                0x0000000008001ac6                HAL_GPIO_WritePin
 .text.HAL_GPIO_TogglePin
                0x0000000008001af6       0x32 ./Drivers/STM32F1xx_HAL_Driver/Src/stm32f1xx_hal_gpio.o
                0x0000000008001af6                HAL_GPIO_TogglePin
 .text.HAL_RCC_OscConfig
                0x0000000008001b28      0x500 ./Drivers/STM32F1xx_HAL_Driver/Src/stm32f1xx_hal_rcc.o
                0x0000000008001b28                HAL_RCC_OscConfig
 .text.HAL_RCC_ClockConfig
                0x0000000008002028      0x1d4 ./Drivers/STM32F1xx_HAL_Driver/Src/stm32f1xx_hal_rcc.o
                0x0000000008002028                HAL_RCC_ClockConfig
 .text.HAL_RCC_GetSysClockFreq
                0x00000000080021fc       0xc0 ./Drivers/STM32F1xx_HAL_Driver/Src/stm32f1xx_hal_rcc.o
                0x00000000080021fc                HAL_RCC_GetSysClockFreq
 .text.RCC_Delay
                0x00000000080022bc       0x3c ./Drivers/STM32F1xx_HAL_Driver/Src/stm32f1xx_hal_rcc.o
 .text.HAL_TIM_Base_Init
                0x00000000080022f8       0x9e ./Drivers/STM32F1xx_HAL_Driver/Src/stm32f1xx_hal_tim.o
                0x00000000080022f8                HAL_TIM_Base_Init
 *fill*         0x0000000008002396        0x2 
 .text.HAL_TIM_Base_Start_IT
                0x0000000008002398       0x98 ./Drivers/STM32F1xx_HAL_Driver/Src/stm32f1xx_hal_tim.o
                0x0000000008002398                HAL_TIM_Base_Start_IT
 .text.HAL_TIM_IRQHandler
                0x0000000008002430      0x210 ./Drivers/STM32F1xx_HAL_Driver/Src/stm32f1xx_hal_tim.o
                0x0000000008002430                HAL_TIM_IRQHandler
 .text.HAL_TIM_ConfigClockSource
                0x0000000008002640      0x188 ./Drivers/STM32F1xx_HAL_Driver/Src/stm32f1xx_hal_tim.o
                0x0000000008002640                HAL_TIM_ConfigClockSource
 .text.HAL_TIM_OC_DelayElapsedCallback
                0x00000000080027c8       0x12 ./Drivers/STM32F1xx_HAL_Driver/Src/stm32f1xx_hal_tim.o
                0x00000000080027c8                HAL_TIM_OC_DelayElapsedCallback
 .text.HAL_TIM_IC_CaptureCallback
                0x00000000080027da       0x12 ./Drivers/STM32F1xx_HAL_Driver/Src/stm32f1xx_hal_tim.o
                0x00000000080027da                HAL_TIM_IC_CaptureCallback
 .text.HAL_TIM_PWM_PulseFinishedCallback
                0x00000000080027ec       0x12 ./Drivers/STM32F1xx_HAL_Driver/Src/stm32f1xx_hal_tim.o
                0x00000000080027ec                HAL_TIM_PWM_PulseFinishedCallback
 .text.HAL_TIM_TriggerCallback
                0x00000000080027fe       0x12 ./Drivers/STM32F1xx_HAL_Driver/Src/stm32f1xx_hal_tim.o
                0x00000000080027fe                HAL_TIM_TriggerCallback
 .text.TIM_Base_SetConfig
                0x0000000008002810       0xb0 ./Drivers/STM32F1xx_HAL_Driver/Src/stm32f1xx_hal_tim.o
                0x0000000008002810                TIM_Base_SetConfig
 .text.TIM_TI1_ConfigInputStage
                0x00000000080028c0       0x5c ./Drivers/STM32F1xx_HAL_Driver/Src/stm32f1xx_hal_tim.o
 .text.TIM_TI2_ConfigInputStage
                0x000000000800291c       0x5e ./Drivers/STM32F1xx_HAL_Driver/Src/stm32f1xx_hal_tim.o
 .text.TIM_ITRx_SetConfig
                0x000000000800297a       0x34 ./Drivers/STM32F1xx_HAL_Driver/Src/stm32f1xx_hal_tim.o
 .text.TIM_ETR_SetConfig
                0x00000000080029ae       0x3e ./Drivers/STM32F1xx_HAL_Driver/Src/stm32f1xx_hal_tim.o
                0x00000000080029ae                TIM_ETR_SetConfig
 .text.HAL_TIMEx_MasterConfigSynchronization
                0x00000000080029ec       0xb0 ./Drivers/STM32F1xx_HAL_Driver/Src/stm32f1xx_hal_tim_ex.o
                0x00000000080029ec                HAL_TIMEx_MasterConfigSynchronization
 .text.HAL_TIMEx_CommutCallback
                0x0000000008002a9c       0x12 ./Drivers/STM32F1xx_HAL_Driver/Src/stm32f1xx_hal_tim_ex.o
                0x0000000008002a9c                HAL_TIMEx_CommutCallback
 .text.HAL_TIMEx_BreakCallback
                0x0000000008002aae       0x12 ./Drivers/STM32F1xx_HAL_Driver/Src/stm32f1xx_hal_tim_ex.o
                0x0000000008002aae                HAL_TIMEx_BreakCallback
 .text.__libc_init_array
                0x0000000008002ac0       0x48 d:/users/binh viet/stm32cubeide_1.7.0/stm32cubeide/plugins/com.st.stm32cube.ide.mcu.externaltools.gnu-tools-for-stm32.9-2020-q2-update.win32_2.0.0.202105311346/tools/bin/../lib/gcc/arm-none-eabi/9.3.1/../../../../arm-none-eabi/lib/thumb/v7-m/nofp\libc_nano.a(lib_a-init.o)
                0x0000000008002ac0                __libc_init_array
 .text.memset   0x0000000008002b08       0x10 d:/users/binh viet/stm32cubeide_1.7.0/stm32cubeide/plugins/com.st.stm32cube.ide.mcu.externaltools.gnu-tools-for-stm32.9-2020-q2-update.win32_2.0.0.202105311346/tools/bin/../lib/gcc/arm-none-eabi/9.3.1/../../../../arm-none-eabi/lib/thumb/v7-m/nofp\libc_nano.a(lib_a-memset.o)
                0x0000000008002b08                memset
 *(.glue_7)
 .glue_7        0x0000000008002b18        0x0 linker stubs
 *(.glue_7t)
 .glue_7t       0x0000000008002b18        0x0 linker stubs
 *(.eh_frame)
 .eh_frame      0x0000000008002b18        0x0 d:/users/binh viet/stm32cubeide_1.7.0/stm32cubeide/plugins/com.st.stm32cube.ide.mcu.externaltools.gnu-tools-for-stm32.9-2020-q2-update.win32_2.0.0.202105311346/tools/bin/../lib/gcc/arm-none-eabi/9.3.1/thumb/v7-m/nofp/crtbegin.o
 *(.init)
 .init          0x0000000008002b18        0x4 d:/users/binh viet/stm32cubeide_1.7.0/stm32cubeide/plugins/com.st.stm32cube.ide.mcu.externaltools.gnu-tools-for-stm32.9-2020-q2-update.win32_2.0.0.202105311346/tools/bin/../lib/gcc/arm-none-eabi/9.3.1/thumb/v7-m/nofp/crti.o
                0x0000000008002b18                _init
 .init          0x0000000008002b1c        0x8 d:/users/binh viet/stm32cubeide_1.7.0/stm32cubeide/plugins/com.st.stm32cube.ide.mcu.externaltools.gnu-tools-for-stm32.9-2020-q2-update.win32_2.0.0.202105311346/tools/bin/../lib/gcc/arm-none-eabi/9.3.1/thumb/v7-m/nofp/crtn.o
 *(.fini)
 .fini          0x0000000008002b24        0x4 d:/users/binh viet/stm32cubeide_1.7.0/stm32cubeide/plugins/com.st.stm32cube.ide.mcu.externaltools.gnu-tools-for-stm32.9-2020-q2-update.win32_2.0.0.202105311346/tools/bin/../lib/gcc/arm-none-eabi/9.3.1/thumb/v7-m/nofp/crti.o
                0x0000000008002b24                _fini
 .fini          0x0000000008002b28        0x8 d:/users/binh viet/stm32cubeide_1.7.0/stm32cubeide/plugins/com.st.stm32cube.ide.mcu.externaltools.gnu-tools-for-stm32.9-2020-q2-update.win32_2.0.0.202105311346/tools/bin/../lib/gcc/arm-none-eabi/9.3.1/thumb/v7-m/nofp/crtn.o
                0x0000000008002b30                . = ALIGN (0x4)
                0x0000000008002b30                _etext = .

.vfp11_veneer   0x0000000008002b30        0x0
 .vfp11_veneer  0x0000000008002b30        0x0 linker stubs

.v4_bx          0x0000000008002b30        0x0
 .v4_bx         0x0000000008002b30        0x0 linker stubs

.iplt           0x0000000008002b30        0x0
 .iplt          0x0000000008002b30        0x0 d:/users/binh viet/stm32cubeide_1.7.0/stm32cubeide/plugins/com.st.stm32cube.ide.mcu.externaltools.gnu-tools-for-stm32.9-2020-q2-update.win32_2.0.0.202105311346/tools/bin/../lib/gcc/arm-none-eabi/9.3.1/thumb/v7-m/nofp/crtbegin.o

.rodata         0x0000000008002b30       0x20
                0x0000000008002b30                . = ALIGN (0x4)
 *(.rodata)
 .rodata        0x0000000008002b30       0x10 ./Drivers/STM32F1xx_HAL_Driver/Src/stm32f1xx_hal_rcc.o
 *(.rodata*)
 .rodata.AHBPrescTable
                0x0000000008002b40       0x10 ./Core/Src/system_stm32f1xx.o
                0x0000000008002b40                AHBPrescTable
                0x0000000008002b50                . = ALIGN (0x4)

.rel.dyn        0x0000000008002b50        0x0
 .rel.iplt      0x0000000008002b50        0x0 d:/users/binh viet/stm32cubeide_1.7.0/stm32cubeide/plugins/com.st.stm32cube.ide.mcu.externaltools.gnu-tools-for-stm32.9-2020-q2-update.win32_2.0.0.202105311346/tools/bin/../lib/gcc/arm-none-eabi/9.3.1/thumb/v7-m/nofp/crtbegin.o

.ARM.extab      0x0000000008002b50        0x0
                0x0000000008002b50                . = ALIGN (0x4)
 *(.ARM.extab* .gnu.linkonce.armextab.*)
                0x0000000008002b50                . = ALIGN (0x4)

.ARM            0x0000000008002b50        0x0
                0x0000000008002b50                . = ALIGN (0x4)
                0x0000000008002b50                __exidx_start = .
 *(.ARM.exidx*)
                0x0000000008002b50                __exidx_end = .
                0x0000000008002b50                . = ALIGN (0x4)

.preinit_array  0x0000000008002b50        0x0
                0x0000000008002b50                . = ALIGN (0x4)
                0x0000000008002b50                PROVIDE (__preinit_array_start = .)
 *(.preinit_array*)
                0x0000000008002b50                PROVIDE (__preinit_array_end = .)
                0x0000000008002b50                . = ALIGN (0x4)

.init_array     0x0000000008002b50        0x4
                0x0000000008002b50                . = ALIGN (0x4)
                0x0000000008002b50                PROVIDE (__init_array_start = .)
 *(SORT_BY_NAME(.init_array.*))
 *(.init_array*)
 .init_array    0x0000000008002b50        0x4 d:/users/binh viet/stm32cubeide_1.7.0/stm32cubeide/plugins/com.st.stm32cube.ide.mcu.externaltools.gnu-tools-for-stm32.9-2020-q2-update.win32_2.0.0.202105311346/tools/bin/../lib/gcc/arm-none-eabi/9.3.1/thumb/v7-m/nofp/crtbegin.o
                0x0000000008002b54                PROVIDE (__init_array_end = .)
                0x0000000008002b54                . = ALIGN (0x4)

.fini_array     0x0000000008002b54        0x4
                0x0000000008002b54                . = ALIGN (0x4)
                [!provide]                        PROVIDE (__fini_array_start = .)
 *(SORT_BY_NAME(.fini_array.*))
 *(.fini_array*)
 .fini_array    0x0000000008002b54        0x4 d:/users/binh viet/stm32cubeide_1.7.0/stm32cubeide/plugins/com.st.stm32cube.ide.mcu.externaltools.gnu-tools-for-stm32.9-2020-q2-update.win32_2.0.0.202105311346/tools/bin/../lib/gcc/arm-none-eabi/9.3.1/thumb/v7-m/nofp/crtbegin.o
                [!provide]                        PROVIDE (__fini_array_end = .)
                0x0000000008002b58                . = ALIGN (0x4)
                0x0000000008002b58                _sidata = LOADADDR (.data)

.data           0x0000000020000000       0xa4 load address 0x0000000008002b58
                0x0000000020000000                . = ALIGN (0x4)
                0x0000000020000000                _sdata = .
 *(.data)
 *(.data*)
 .data.buttonPort
                0x0000000020000000        0xc ./Core/Src/button.o
                0x0000000020000000                buttonPort
 .data.buttonPin
                0x000000002000000c        0x6 ./Core/Src/button.o
                0x000000002000000c                buttonPin
 *fill*         0x0000000020000012        0x2 
 .data.state0Button
                0x0000000020000014        0xc ./Core/Src/button.o
                0x0000000020000014                state0Button
 .data.state1Button
                0x0000000020000020        0xc ./Core/Src/button.o
                0x0000000020000020                state1Button
 .data.state2Button
                0x000000002000002c        0xc ./Core/Src/button.o
                0x000000002000002c                state2Button
 .data.state3Button
                0x0000000020000038        0xc ./Core/Src/button.o
                0x0000000020000038                state3Button
 .data.flagButton
                0x0000000020000044        0xc ./Core/Src/button.o
                0x0000000020000044                flagButton
 .data.durationPressLongButton
                0x0000000020000050        0xc ./Core/Src/button.o
                0x0000000020000050                durationPressLongButton
 .data.durationPressShortButton
                0x000000002000005c        0xc ./Core/Src/button.o
                0x000000002000005c                durationPressShortButton
 .data.modeStatus
                0x0000000020000068        0x4 ./Core/Src/main.o
                0x0000000020000068                modeStatus
 .data.tempDurationLedRed
                0x000000002000006c        0x4 ./Core/Src/normalMode.o
                0x000000002000006c                tempDurationLedRed
 .data.tempDurationLedGreen
                0x0000000020000070        0x4 ./Core/Src/normalMode.o
                0x0000000020000070                tempDurationLedGreen
 .data.tempDurationLedYellow
                0x0000000020000074        0x4 ./Core/Src/normalMode.o
                0x0000000020000074                tempDurationLedYellow
 .data.durationLedRed
                0x0000000020000078        0x4 ./Core/Src/normalMode.o
                0x0000000020000078                durationLedRed
 .data.durationLedGreen
                0x000000002000007c        0x4 ./Core/Src/normalMode.o
                0x000000002000007c                durationLedGreen
 .data.durationLedYellow
                0x0000000020000080        0x4 ./Core/Src/normalMode.o
                0x0000000020000080                durationLedYellow
 .data.led_buffer
                0x0000000020000084       0x14 ./Core/Src/physical7Segment.o
                0x0000000020000084                led_buffer
 .data.SystemCoreClock
                0x0000000020000098        0x4 ./Core/Src/system_stm32f1xx.o
                0x0000000020000098                SystemCoreClock
 .data.uwTickPrio
                0x000000002000009c        0x4 ./Drivers/STM32F1xx_HAL_Driver/Src/stm32f1xx_hal.o
                0x000000002000009c                uwTickPrio
 .data.uwTickFreq
                0x00000000200000a0        0x1 ./Drivers/STM32F1xx_HAL_Driver/Src/stm32f1xx_hal.o
                0x00000000200000a0                uwTickFreq
 *(.RamFunc)
 *(.RamFunc*)
                0x00000000200000a4                . = ALIGN (0x4)
 *fill*         0x00000000200000a1        0x3 
                0x00000000200000a4                _edata = .

.igot.plt       0x00000000200000a4        0x0 load address 0x0000000008002bfc
 .igot.plt      0x00000000200000a4        0x0 d:/users/binh viet/stm32cubeide_1.7.0/stm32cubeide/plugins/com.st.stm32cube.ide.mcu.externaltools.gnu-tools-for-stm32.9-2020-q2-update.win32_2.0.0.202105311346/tools/bin/../lib/gcc/arm-none-eabi/9.3.1/thumb/v7-m/nofp/crtbegin.o
                0x00000000200000a4                . = ALIGN (0x4)

.bss            0x00000000200000a4       0xb0 load address 0x0000000008002bfc
                0x00000000200000a4                _sbss = .
                0x00000000200000a4                __bss_start__ = _sbss
 *(.bss)
 .bss           0x00000000200000a4       0x1c d:/users/binh viet/stm32cubeide_1.7.0/stm32cubeide/plugins/com.st.stm32cube.ide.mcu.externaltools.gnu-tools-for-stm32.9-2020-q2-update.win32_2.0.0.202105311346/tools/bin/../lib/gcc/arm-none-eabi/9.3.1/thumb/v7-m/nofp/crtbegin.o
 *(.bss*)
 .bss.flagAdvancedMode
                0x00000000200000c0        0x4 ./Core/Src/main.o
                0x00000000200000c0                flagAdvancedMode
 .bss.statusTraffic1
                0x00000000200000c4        0x4 ./Core/Src/normalMode.o
                0x00000000200000c4                statusTraffic1
 .bss.statusTraffic2
                0x00000000200000c8        0x4 ./Core/Src/normalMode.o
                0x00000000200000c8                statusTraffic2
 .bss.status7SEG
                0x00000000200000cc        0x4 ./Core/Src/physical7Segment.o
                0x00000000200000cc                status7SEG
 *(COMMON)
 COMMON         0x00000000200000d0       0x48 ./Core/Src/main.o
                0x00000000200000d0                htim2
 COMMON         0x0000000020000118       0x18 ./Core/Src/normalMode.o
                0x0000000020000118                counterLedRed2
                0x000000002000011c                counterLedGreen1
                0x0000000020000120                counterLedYellow1
                0x0000000020000124                counterLedYellow2
                0x0000000020000128                counterLedGreen2
                0x000000002000012c                counterLedRed1
 COMMON         0x0000000020000130       0x20 ./Core/Src/softwareTimer.o
                0x0000000020000130                counter3
                0x0000000020000134                counter1
                0x0000000020000138                flag2
                0x000000002000013c                flag4
                0x0000000020000140                flag1
                0x0000000020000144                counter4
                0x0000000020000148                flag3
                0x000000002000014c                counter2
 COMMON         0x0000000020000150        0x4 ./Drivers/STM32F1xx_HAL_Driver/Src/stm32f1xx_hal.o
                0x0000000020000150                uwTick
                0x0000000020000154                . = ALIGN (0x4)
                0x0000000020000154                _ebss = .
                0x0000000020000154                __bss_end__ = _ebss

._user_heap_stack
                0x0000000020000154      0x604 load address 0x0000000008002bfc
                0x0000000020000158                . = ALIGN (0x8)
 *fill*         0x0000000020000154        0x4 
                [!provide]                        PROVIDE (end = .)
                0x0000000020000158                PROVIDE (_end = .)
                0x0000000020000358                . = (. + _Min_Heap_Size)
 *fill*         0x0000000020000158      0x200 
                0x0000000020000758                . = (. + _Min_Stack_Size)
 *fill*         0x0000000020000358      0x400 
                0x0000000020000758                . = ALIGN (0x8)

/DISCARD/
 libc.a(*)
 libm.a(*)
 libgcc.a(*)

.ARM.attributes
                0x0000000000000000       0x29
 *(.ARM.attributes)
 .ARM.attributes
                0x0000000000000000       0x1d d:/users/binh viet/stm32cubeide_1.7.0/stm32cubeide/plugins/com.st.stm32cube.ide.mcu.externaltools.gnu-tools-for-stm32.9-2020-q2-update.win32_2.0.0.202105311346/tools/bin/../lib/gcc/arm-none-eabi/9.3.1/thumb/v7-m/nofp/crti.o
 .ARM.attributes
                0x000000000000001d       0x2d d:/users/binh viet/stm32cubeide_1.7.0/stm32cubeide/plugins/com.st.stm32cube.ide.mcu.externaltools.gnu-tools-for-stm32.9-2020-q2-update.win32_2.0.0.202105311346/tools/bin/../lib/gcc/arm-none-eabi/9.3.1/thumb/v7-m/nofp/crtbegin.o
 .ARM.attributes
                0x000000000000004a       0x2d ./Core/Src/button.o
 .ARM.attributes
                0x0000000000000077       0x2d ./Core/Src/deviceDriver7Segment.o
 .ARM.attributes
                0x00000000000000a4       0x2d ./Core/Src/deviceDriverSingleLed.o
 .ARM.attributes
                0x00000000000000d1       0x2d ./Core/Src/main.o
 .ARM.attributes
                0x00000000000000fe       0x2d ./Core/Src/normalMode.o
 .ARM.attributes
                0x000000000000012b       0x2d ./Core/Src/physical7Segment.o
 .ARM.attributes
                0x0000000000000158       0x2d ./Core/Src/physicalSingleLed.o
 .ARM.attributes
                0x0000000000000185       0x2d ./Core/Src/softwareTimer.o
 .ARM.attributes
                0x00000000000001b2       0x2d ./Core/Src/stm32f1xx_hal_msp.o
 .ARM.attributes
                0x00000000000001df       0x2d ./Core/Src/stm32f1xx_it.o
 .ARM.attributes
                0x000000000000020c       0x2d ./Core/Src/system_stm32f1xx.o
 .ARM.attributes
                0x0000000000000239       0x21 ./Core/Startup/startup_stm32f103c6ux.o
 .ARM.attributes
                0x000000000000025a       0x2d ./Drivers/STM32F1xx_HAL_Driver/Src/stm32f1xx_hal.o
 .ARM.attributes
                0x0000000000000287       0x2d ./Drivers/STM32F1xx_HAL_Driver/Src/stm32f1xx_hal_cortex.o
 .ARM.attributes
                0x00000000000002b4       0x2d ./Drivers/STM32F1xx_HAL_Driver/Src/stm32f1xx_hal_gpio.o
 .ARM.attributes
                0x00000000000002e1       0x2d ./Drivers/STM32F1xx_HAL_Driver/Src/stm32f1xx_hal_rcc.o
 .ARM.attributes
                0x000000000000030e       0x2d ./Drivers/STM32F1xx_HAL_Driver/Src/stm32f1xx_hal_tim.o
 .ARM.attributes
                0x000000000000033b       0x2d ./Drivers/STM32F1xx_HAL_Driver/Src/stm32f1xx_hal_tim_ex.o
 .ARM.attributes
                0x0000000000000368       0x2d d:/users/binh viet/stm32cubeide_1.7.0/stm32cubeide/plugins/com.st.stm32cube.ide.mcu.externaltools.gnu-tools-for-stm32.9-2020-q2-update.win32_2.0.0.202105311346/tools/bin/../lib/gcc/arm-none-eabi/9.3.1/../../../../arm-none-eabi/lib/thumb/v7-m/nofp\libc_nano.a(lib_a-init.o)
 .ARM.attributes
                0x0000000000000395       0x2d d:/users/binh viet/stm32cubeide_1.7.0/stm32cubeide/plugins/com.st.stm32cube.ide.mcu.externaltools.gnu-tools-for-stm32.9-2020-q2-update.win32_2.0.0.202105311346/tools/bin/../lib/gcc/arm-none-eabi/9.3.1/../../../../arm-none-eabi/lib/thumb/v7-m/nofp\libc_nano.a(lib_a-memset.o)
 .ARM.attributes
                0x00000000000003c2       0x1d d:/users/binh viet/stm32cubeide_1.7.0/stm32cubeide/plugins/com.st.stm32cube.ide.mcu.externaltools.gnu-tools-for-stm32.9-2020-q2-update.win32_2.0.0.202105311346/tools/bin/../lib/gcc/arm-none-eabi/9.3.1/thumb/v7-m/nofp/crtn.o
OUTPUT(ex_1.elf elf32-littlearm)
LOAD linker stubs
LOAD d:/users/binh viet/stm32cubeide_1.7.0/stm32cubeide/plugins/com.st.stm32cube.ide.mcu.externaltools.gnu-tools-for-stm32.9-2020-q2-update.win32_2.0.0.202105311346/tools/bin/../lib/gcc/arm-none-eabi/9.3.1/../../../../arm-none-eabi/lib/thumb/v7-m/nofp\libc.a
LOAD d:/users/binh viet/stm32cubeide_1.7.0/stm32cubeide/plugins/com.st.stm32cube.ide.mcu.externaltools.gnu-tools-for-stm32.9-2020-q2-update.win32_2.0.0.202105311346/tools/bin/../lib/gcc/arm-none-eabi/9.3.1/../../../../arm-none-eabi/lib/thumb/v7-m/nofp\libm.a
LOAD d:/users/binh viet/stm32cubeide_1.7.0/stm32cubeide/plugins/com.st.stm32cube.ide.mcu.externaltools.gnu-tools-for-stm32.9-2020-q2-update.win32_2.0.0.202105311346/tools/bin/../lib/gcc/arm-none-eabi/9.3.1/thumb/v7-m/nofp\libgcc.a

.debug_info     0x0000000000000000     0x9c1c
 .debug_info    0x0000000000000000      0x31c ./Core/Src/button.o
 .debug_info    0x000000000000031c      0x109 ./Core/Src/deviceDriver7Segment.o
 .debug_info    0x0000000000000425      0x246 ./Core/Src/deviceDriverSingleLed.o
 .debug_info    0x000000000000066b     0x1558 ./Core/Src/main.o
 .debug_info    0x0000000000001bc3      0x2ea ./Core/Src/normalMode.o
 .debug_info    0x0000000000001ead      0x31b ./Core/Src/physical7Segment.o
 .debug_info    0x00000000000021c8      0x25e ./Core/Src/physicalSingleLed.o
 .debug_info    0x0000000000002426      0x1ab ./Core/Src/softwareTimer.o
 .debug_info    0x00000000000025d1      0xa04 ./Core/Src/stm32f1xx_hal_msp.o
 .debug_info    0x0000000000002fd5      0x7b4 ./Core/Src/stm32f1xx_it.o
 .debug_info    0x0000000000003789      0x2be ./Core/Src/system_stm32f1xx.o
 .debug_info    0x0000000000003a47       0x22 ./Core/Startup/startup_stm32f103c6ux.o
 .debug_info    0x0000000000003a69      0x74c ./Drivers/STM32F1xx_HAL_Driver/Src/stm32f1xx_hal.o
 .debug_info    0x00000000000041b5      0xbbe ./Drivers/STM32F1xx_HAL_Driver/Src/stm32f1xx_hal_cortex.o
 .debug_info    0x0000000000004d73      0x701 ./Drivers/STM32F1xx_HAL_Driver/Src/stm32f1xx_hal_gpio.o
 .debug_info    0x0000000000005474      0x88e ./Drivers/STM32F1xx_HAL_Driver/Src/stm32f1xx_hal_rcc.o
 .debug_info    0x0000000000005d02     0x2a45 ./Drivers/STM32F1xx_HAL_Driver/Src/stm32f1xx_hal_tim.o
 .debug_info    0x0000000000008747     0x14d5 ./Drivers/STM32F1xx_HAL_Driver/Src/stm32f1xx_hal_tim_ex.o

.debug_abbrev   0x0000000000000000     0x1bb8
 .debug_abbrev  0x0000000000000000      0x13b ./Core/Src/button.o
 .debug_abbrev  0x000000000000013b       0xb1 ./Core/Src/deviceDriver7Segment.o
 .debug_abbrev  0x00000000000001ec       0xb6 ./Core/Src/deviceDriverSingleLed.o
 .debug_abbrev  0x00000000000002a2      0x298 ./Core/Src/main.o
 .debug_abbrev  0x000000000000053a       0xd8 ./Core/Src/normalMode.o
 .debug_abbrev  0x0000000000000612      0x15f ./Core/Src/physical7Segment.o
 .debug_abbrev  0x0000000000000771      0x112 ./Core/Src/physicalSingleLed.o
 .debug_abbrev  0x0000000000000883       0x89 ./Core/Src/softwareTimer.o
 .debug_abbrev  0x000000000000090c      0x1b7 ./Core/Src/stm32f1xx_hal_msp.o
 .debug_abbrev  0x0000000000000ac3      0x176 ./Core/Src/stm32f1xx_it.o
 .debug_abbrev  0x0000000000000c39      0x14e ./Core/Src/system_stm32f1xx.o
 .debug_abbrev  0x0000000000000d87       0x12 ./Core/Startup/startup_stm32f103c6ux.o
 .debug_abbrev  0x0000000000000d99      0x1ed ./Drivers/STM32F1xx_HAL_Driver/Src/stm32f1xx_hal.o
 .debug_abbrev  0x0000000000000f86      0x313 ./Drivers/STM32F1xx_HAL_Driver/Src/stm32f1xx_hal_cortex.o
 .debug_abbrev  0x0000000000001299      0x1e8 ./Drivers/STM32F1xx_HAL_Driver/Src/stm32f1xx_hal_gpio.o
 .debug_abbrev  0x0000000000001481      0x273 ./Drivers/STM32F1xx_HAL_Driver/Src/stm32f1xx_hal_rcc.o
 .debug_abbrev  0x00000000000016f4      0x25e ./Drivers/STM32F1xx_HAL_Driver/Src/stm32f1xx_hal_tim.o
 .debug_abbrev  0x0000000000001952      0x266 ./Drivers/STM32F1xx_HAL_Driver/Src/stm32f1xx_hal_tim_ex.o

.debug_aranges  0x0000000000000000      0xab0
 .debug_aranges
                0x0000000000000000       0x20 ./Core/Src/button.o
 .debug_aranges
                0x0000000000000020       0x40 ./Core/Src/deviceDriver7Segment.o
 .debug_aranges
                0x0000000000000060       0x70 ./Core/Src/deviceDriverSingleLed.o
 .debug_aranges
                0x00000000000000d0       0x48 ./Core/Src/main.o
 .debug_aranges
                0x0000000000000118       0x20 ./Core/Src/normalMode.o
 .debug_aranges
                0x0000000000000138       0x30 ./Core/Src/physical7Segment.o
 .debug_aranges
                0x0000000000000168       0x20 ./Core/Src/physicalSingleLed.o
 .debug_aranges
                0x0000000000000188       0x40 ./Core/Src/softwareTimer.o
 .debug_aranges
                0x00000000000001c8       0x30 ./Core/Src/stm32f1xx_hal_msp.o
 .debug_aranges
                0x00000000000001f8       0x68 ./Core/Src/stm32f1xx_it.o
 .debug_aranges
                0x0000000000000260       0x28 ./Core/Src/system_stm32f1xx.o
 .debug_aranges
                0x0000000000000288       0x28 ./Core/Startup/startup_stm32f103c6ux.o
 .debug_aranges
                0x00000000000002b0       0xe0 ./Drivers/STM32F1xx_HAL_Driver/Src/stm32f1xx_hal.o
 .debug_aranges
                0x0000000000000390      0x100 ./Drivers/STM32F1xx_HAL_Driver/Src/stm32f1xx_hal_cortex.o
 .debug_aranges
                0x0000000000000490       0x58 ./Drivers/STM32F1xx_HAL_Driver/Src/stm32f1xx_hal_gpio.o
 .debug_aranges
                0x00000000000004e8       0x90 ./Drivers/STM32F1xx_HAL_Driver/Src/stm32f1xx_hal_rcc.o
 .debug_aranges
                0x0000000000000578      0x3d0 ./Drivers/STM32F1xx_HAL_Driver/Src/stm32f1xx_hal_tim.o
 .debug_aranges
                0x0000000000000948      0x168 ./Drivers/STM32F1xx_HAL_Driver/Src/stm32f1xx_hal_tim_ex.o

.debug_ranges   0x0000000000000000      0x998
 .debug_ranges  0x0000000000000000       0x10 ./Core/Src/button.o
 .debug_ranges  0x0000000000000010       0x30 ./Core/Src/deviceDriver7Segment.o
 .debug_ranges  0x0000000000000040       0x60 ./Core/Src/deviceDriverSingleLed.o
 .debug_ranges  0x00000000000000a0       0x38 ./Core/Src/main.o
 .debug_ranges  0x00000000000000d8       0x10 ./Core/Src/normalMode.o
 .debug_ranges  0x00000000000000e8       0x20 ./Core/Src/physical7Segment.o
 .debug_ranges  0x0000000000000108       0x10 ./Core/Src/physicalSingleLed.o
 .debug_ranges  0x0000000000000118       0x30 ./Core/Src/softwareTimer.o
 .debug_ranges  0x0000000000000148       0x20 ./Core/Src/stm32f1xx_hal_msp.o
 .debug_ranges  0x0000000000000168       0x58 ./Core/Src/stm32f1xx_it.o
 .debug_ranges  0x00000000000001c0       0x18 ./Core/Src/system_stm32f1xx.o
 .debug_ranges  0x00000000000001d8       0x20 ./Core/Startup/startup_stm32f103c6ux.o
 .debug_ranges  0x00000000000001f8       0xd0 ./Drivers/STM32F1xx_HAL_Driver/Src/stm32f1xx_hal.o
 .debug_ranges  0x00000000000002c8       0xf0 ./Drivers/STM32F1xx_HAL_Driver/Src/stm32f1xx_hal_cortex.o
 .debug_ranges  0x00000000000003b8       0x48 ./Drivers/STM32F1xx_HAL_Driver/Src/stm32f1xx_hal_gpio.o
 .debug_ranges  0x0000000000000400       0x80 ./Drivers/STM32F1xx_HAL_Driver/Src/stm32f1xx_hal_rcc.o
 .debug_ranges  0x0000000000000480      0x3c0 ./Drivers/STM32F1xx_HAL_Driver/Src/stm32f1xx_hal_tim.o
 .debug_ranges  0x0000000000000840      0x158 ./Drivers/STM32F1xx_HAL_Driver/Src/stm32f1xx_hal_tim_ex.o

.debug_macro    0x0000000000000000    0x17489
 .debug_macro   0x0000000000000000      0x1b0 ./Core/Src/button.o
 .debug_macro   0x00000000000001b0      0xa9c ./Core/Src/button.o
 .debug_macro   0x0000000000000c4c       0x16 ./Core/Src/button.o
 .debug_macro   0x0000000000000c62      0x215 ./Core/Src/button.o
 .debug_macro   0x0000000000000e77       0x2e ./Core/Src/button.o
 .debug_macro   0x0000000000000ea5       0x22 ./Core/Src/button.o
 .debug_macro   0x0000000000000ec7       0x22 ./Core/Src/button.o
 .debug_macro   0x0000000000000ee9       0x8e ./Core/Src/button.o
 .debug_macro   0x0000000000000f77       0x51 ./Core/Src/button.o
 .debug_macro   0x0000000000000fc8      0x103 ./Core/Src/button.o
 .debug_macro   0x00000000000010cb       0x6a ./Core/Src/button.o
 .debug_macro   0x0000000000001135      0x1df ./Core/Src/button.o
 .debug_macro   0x0000000000001314       0x1c ./Core/Src/button.o
 .debug_macro   0x0000000000001330       0x22 ./Core/Src/button.o
 .debug_macro   0x0000000000001352       0xc3 ./Core/Src/button.o
 .debug_macro   0x0000000000001415      0xd23 ./Core/Src/button.o
 .debug_macro   0x0000000000002138     0xde75 ./Core/Src/button.o
 .debug_macro   0x000000000000ffad       0x6d ./Core/Src/button.o
 .debug_macro   0x000000000001001a     0x3468 ./Core/Src/button.o
 .debug_macro   0x0000000000013482      0x174 ./Core/Src/button.o
 .debug_macro   0x00000000000135f6       0x5c ./Core/Src/button.o
 .debug_macro   0x0000000000013652      0x5be ./Core/Src/button.o
 .debug_macro   0x0000000000013c10      0x1b7 ./Core/Src/button.o
 .debug_macro   0x0000000000013dc7      0x1cb ./Core/Src/button.o
 .debug_macro   0x0000000000013f92      0x114 ./Core/Src/button.o
 .debug_macro   0x00000000000140a6      0x1b2 ./Core/Src/button.o
 .debug_macro   0x0000000000014258       0x27 ./Core/Src/button.o
 .debug_macro   0x000000000001427f      0x12f ./Core/Src/button.o
 .debug_macro   0x00000000000143ae      0x1bc ./Core/Src/button.o
 .debug_macro   0x000000000001456a       0x34 ./Core/Src/button.o
 .debug_macro   0x000000000001459e       0x3c ./Core/Src/button.o
 .debug_macro   0x00000000000145da       0x57 ./Core/Src/button.o
 .debug_macro   0x0000000000014631       0x88 ./Core/Src/button.o
 .debug_macro   0x00000000000146b9      0x183 ./Core/Src/button.o
 .debug_macro   0x000000000001483c      0x141 ./Core/Src/button.o
 .debug_macro   0x000000000001497d      0x8d1 ./Core/Src/button.o
 .debug_macro   0x000000000001524e       0x69 ./Core/Src/button.o
 .debug_macro   0x00000000000152b7      0x100 ./Core/Src/button.o
 .debug_macro   0x00000000000153b7       0x25 ./Core/Src/deviceDriver7Segment.o
 .debug_macro   0x00000000000153dc      0x1ba ./Core/Src/deviceDriverSingleLed.o
 .debug_macro   0x0000000000015596       0x46 ./Core/Src/deviceDriverSingleLed.o
 .debug_macro   0x00000000000155dc      0x2c3 ./Core/Src/main.o
 .debug_macro   0x000000000001589f       0x52 ./Core/Src/main.o
 .debug_macro   0x00000000000158f1       0x18 ./Core/Src/main.o
 .debug_macro   0x0000000000015909       0x3c ./Core/Src/main.o
 .debug_macro   0x0000000000015945       0x34 ./Core/Src/main.o
 .debug_macro   0x0000000000015979       0x16 ./Core/Src/main.o
 .debug_macro   0x000000000001598f       0x43 ./Core/Src/main.o
 .debug_macro   0x00000000000159d2       0x34 ./Core/Src/main.o
 .debug_macro   0x0000000000015a06       0x10 ./Core/Src/main.o
 .debug_macro   0x0000000000015a16       0x58 ./Core/Src/main.o
 .debug_macro   0x0000000000015a6e       0x71 ./Core/Src/main.o
 .debug_macro   0x0000000000015adf       0x1c ./Core/Src/main.o
 .debug_macro   0x0000000000015afb      0x12a ./Core/Src/main.o
 .debug_macro   0x0000000000015c25      0x333 ./Core/Src/main.o
 .debug_macro   0x0000000000015f58       0x10 ./Core/Src/main.o
 .debug_macro   0x0000000000015f68       0x35 ./Core/Src/main.o
 .debug_macro   0x0000000000015f9d       0x20 ./Core/Src/main.o
 .debug_macro   0x0000000000015fbd       0x46 ./Core/Src/main.o
 .debug_macro   0x0000000000016003      0x1c4 ./Core/Src/normalMode.o
 .debug_macro   0x00000000000161c7      0x1d5 ./Core/Src/physical7Segment.o
 .debug_macro   0x000000000001639c      0x1b0 ./Core/Src/physicalSingleLed.o
 .debug_macro   0x000000000001654c       0x1b ./Core/Src/softwareTimer.o
 .debug_macro   0x0000000000016567      0x1a7 ./Core/Src/stm32f1xx_hal_msp.o
 .debug_macro   0x000000000001670e      0x1b1 ./Core/Src/stm32f1xx_it.o
 .debug_macro   0x00000000000168bf      0x198 ./Core/Src/system_stm32f1xx.o
 .debug_macro   0x0000000000016a57      0x1bc ./Drivers/STM32F1xx_HAL_Driver/Src/stm32f1xx_hal.o
 .debug_macro   0x0000000000016c13      0x198 ./Drivers/STM32F1xx_HAL_Driver/Src/stm32f1xx_hal_cortex.o
 .debug_macro   0x0000000000016dab      0x203 ./Drivers/STM32F1xx_HAL_Driver/Src/stm32f1xx_hal_gpio.o
 .debug_macro   0x0000000000016fae      0x1aa ./Drivers/STM32F1xx_HAL_Driver/Src/stm32f1xx_hal_rcc.o
 .debug_macro   0x0000000000017158      0x199 ./Drivers/STM32F1xx_HAL_Driver/Src/stm32f1xx_hal_tim.o
 .debug_macro   0x00000000000172f1      0x198 ./Drivers/STM32F1xx_HAL_Driver/Src/stm32f1xx_hal_tim_ex.o

.debug_line     0x0000000000000000     0xbe66
 .debug_line    0x0000000000000000      0x751 ./Core/Src/button.o
 .debug_line    0x0000000000000751      0x11e ./Core/Src/deviceDriver7Segment.o
 .debug_line    0x000000000000086f      0x7b9 ./Core/Src/deviceDriverSingleLed.o
 .debug_line    0x0000000000001028      0xad5 ./Core/Src/main.o
 .debug_line    0x0000000000001afd      0x7d0 ./Core/Src/normalMode.o
 .debug_line    0x00000000000022cd      0x734 ./Core/Src/physical7Segment.o
 .debug_line    0x0000000000002a01      0x6fa ./Core/Src/physicalSingleLed.o
 .debug_line    0x00000000000030fb      0x122 ./Core/Src/softwareTimer.o
 .debug_line    0x000000000000321d      0x6d5 ./Core/Src/stm32f1xx_hal_msp.o
 .debug_line    0x00000000000038f2      0x773 ./Core/Src/stm32f1xx_it.o
 .debug_line    0x0000000000004065      0x717 ./Core/Src/system_stm32f1xx.o
 .debug_line    0x000000000000477c       0x87 ./Core/Startup/startup_stm32f103c6ux.o
 .debug_line    0x0000000000004803      0x944 ./Drivers/STM32F1xx_HAL_Driver/Src/stm32f1xx_hal.o
 .debug_line    0x0000000000005147      0xb2c ./Drivers/STM32F1xx_HAL_Driver/Src/stm32f1xx_hal_cortex.o
 .debug_line    0x0000000000005c73      0x9c5 ./Drivers/STM32F1xx_HAL_Driver/Src/stm32f1xx_hal_gpio.o
 .debug_line    0x0000000000006638      0xd52 ./Drivers/STM32F1xx_HAL_Driver/Src/stm32f1xx_hal_rcc.o
 .debug_line    0x000000000000738a     0x32a2 ./Drivers/STM32F1xx_HAL_Driver/Src/stm32f1xx_hal_tim.o
 .debug_line    0x000000000000a62c     0x183a ./Drivers/STM32F1xx_HAL_Driver/Src/stm32f1xx_hal_tim_ex.o

.debug_str      0x0000000000000000    0x85667
 .debug_str     0x0000000000000000    0x7f5af ./Core/Src/button.o
                                      0x7f8f7 (size before relaxing)
 .debug_str     0x000000000007f5af       0xde ./Core/Src/deviceDriver7Segment.o
                                       0x2e50 (size before relaxing)
 .debug_str     0x000000000007f68d      0x1b6 ./Core/Src/deviceDriverSingleLed.o
                                      0x7f9b3 (size before relaxing)
 .debug_str     0x000000000007f843     0x3a32 ./Core/Src/main.o
                                      0x83403 (size before relaxing)
 .debug_str     0x0000000000083275       0x90 ./Core/Src/normalMode.o
                                      0x7f9e4 (size before relaxing)
 .debug_str     0x0000000000083305       0x90 ./Core/Src/physical7Segment.o
                                      0x7f8f8 (size before relaxing)
 .debug_str     0x0000000000083395       0x48 ./Core/Src/physicalSingleLed.o
                                      0x7f922 (size before relaxing)
 .debug_str     0x00000000000833dd       0x56 ./Core/Src/softwareTimer.o
                                       0x2e0d (size before relaxing)
 .debug_str     0x0000000000083433      0x2ba ./Core/Src/stm32f1xx_hal_msp.o
                                      0x80022 (size before relaxing)
 .debug_str     0x00000000000836ed       0xcd ./Core/Src/stm32f1xx_it.o
                                      0x7fd84 (size before relaxing)
 .debug_str     0x00000000000837ba       0x52 ./Core/Src/system_stm32f1xx.o
                                      0x7f50d (size before relaxing)
 .debug_str     0x000000000008380c       0x36 ./Core/Startup/startup_stm32f103c6ux.o
                                         0x78 (size before relaxing)
 .debug_str     0x0000000000083842      0x304 ./Drivers/STM32F1xx_HAL_Driver/Src/stm32f1xx_hal.o
                                      0x7fb64 (size before relaxing)
 .debug_str     0x0000000000083b46      0x300 ./Drivers/STM32F1xx_HAL_Driver/Src/stm32f1xx_hal_cortex.o
                                      0x7fb6c (size before relaxing)
 .debug_str     0x0000000000083e46      0x316 ./Drivers/STM32F1xx_HAL_Driver/Src/stm32f1xx_hal_gpio.o
                                      0x7f8d1 (size before relaxing)
 .debug_str     0x000000000008415c      0x24f ./Drivers/STM32F1xx_HAL_Driver/Src/stm32f1xx_hal_rcc.o
                                      0x7f90a (size before relaxing)
 .debug_str     0x00000000000843ab      0xdce ./Drivers/STM32F1xx_HAL_Driver/Src/stm32f1xx_hal_tim.o
                                      0x808dc (size before relaxing)
 .debug_str     0x0000000000085179      0x4ee ./Drivers/STM32F1xx_HAL_Driver/Src/stm32f1xx_hal_tim_ex.o
                                      0x8008d (size before relaxing)

.comment        0x0000000000000000       0x53
 .comment       0x0000000000000000       0x53 ./Core/Src/button.o
                                         0x54 (size before relaxing)
 .comment       0x0000000000000053       0x54 ./Core/Src/deviceDriver7Segment.o
 .comment       0x0000000000000053       0x54 ./Core/Src/deviceDriverSingleLed.o
 .comment       0x0000000000000053       0x54 ./Core/Src/main.o
 .comment       0x0000000000000053       0x54 ./Core/Src/normalMode.o
 .comment       0x0000000000000053       0x54 ./Core/Src/physical7Segment.o
 .comment       0x0000000000000053       0x54 ./Core/Src/physicalSingleLed.o
 .comment       0x0000000000000053       0x54 ./Core/Src/softwareTimer.o
 .comment       0x0000000000000053       0x54 ./Core/Src/stm32f1xx_hal_msp.o
 .comment       0x0000000000000053       0x54 ./Core/Src/stm32f1xx_it.o
 .comment       0x0000000000000053       0x54 ./Core/Src/system_stm32f1xx.o
 .comment       0x0000000000000053       0x54 ./Drivers/STM32F1xx_HAL_Driver/Src/stm32f1xx_hal.o
 .comment       0x0000000000000053       0x54 ./Drivers/STM32F1xx_HAL_Driver/Src/stm32f1xx_hal_cortex.o
 .comment       0x0000000000000053       0x54 ./Drivers/STM32F1xx_HAL_Driver/Src/stm32f1xx_hal_gpio.o
 .comment       0x0000000000000053       0x54 ./Drivers/STM32F1xx_HAL_Driver/Src/stm32f1xx_hal_rcc.o
 .comment       0x0000000000000053       0x54 ./Drivers/STM32F1xx_HAL_Driver/Src/stm32f1xx_hal_tim.o
 .comment       0x0000000000000053       0x54 ./Drivers/STM32F1xx_HAL_Driver/Src/stm32f1xx_hal_tim_ex.o

.debug_frame    0x0000000000000000     0x29b0
 .debug_frame   0x0000000000000000       0x34 ./Core/Src/button.o
 .debug_frame   0x0000000000000034       0xc0 ./Core/Src/deviceDriver7Segment.o
 .debug_frame   0x00000000000000f4      0x144 ./Core/Src/deviceDriverSingleLed.o
 .debug_frame   0x0000000000000238       0xd4 ./Core/Src/main.o
 .debug_frame   0x000000000000030c       0x2c ./Core/Src/normalMode.o
 .debug_frame   0x0000000000000338       0x7c ./Core/Src/physical7Segment.o
 .debug_frame   0x00000000000003b4       0x34 ./Core/Src/physicalSingleLed.o
 .debug_frame   0x00000000000003e8       0xd0 ./Core/Src/softwareTimer.o
 .debug_frame   0x00000000000004b8       0x80 ./Core/Src/stm32f1xx_hal_msp.o
 .debug_frame   0x0000000000000538      0x120 ./Core/Src/stm32f1xx_it.o
 .debug_frame   0x0000000000000658       0x58 ./Core/Src/system_stm32f1xx.o
 .debug_frame   0x00000000000006b0      0x334 ./Drivers/STM32F1xx_HAL_Driver/Src/stm32f1xx_hal.o
 .debug_frame   0x00000000000009e4      0x428 ./Drivers/STM32F1xx_HAL_Driver/Src/stm32f1xx_hal_cortex.o
 .debug_frame   0x0000000000000e0c      0x14c ./Drivers/STM32F1xx_HAL_Driver/Src/stm32f1xx_hal_gpio.o
 .debug_frame   0x0000000000000f58      0x21c ./Drivers/STM32F1xx_HAL_Driver/Src/stm32f1xx_hal_rcc.o
 .debug_frame   0x0000000000001174     0x11b8 ./Drivers/STM32F1xx_HAL_Driver/Src/stm32f1xx_hal_tim.o
 .debug_frame   0x000000000000232c      0x638 ./Drivers/STM32F1xx_HAL_Driver/Src/stm32f1xx_hal_tim_ex.o
 .debug_frame   0x0000000000002964       0x2c d:/users/binh viet/stm32cubeide_1.7.0/stm32cubeide/plugins/com.st.stm32cube.ide.mcu.externaltools.gnu-tools-for-stm32.9-2020-q2-update.win32_2.0.0.202105311346/tools/bin/../lib/gcc/arm-none-eabi/9.3.1/../../../../arm-none-eabi/lib/thumb/v7-m/nofp\libc_nano.a(lib_a-init.o)
 .debug_frame   0x0000000000002990       0x20 d:/users/binh viet/stm32cubeide_1.7.0/stm32cubeide/plugins/com.st.stm32cube.ide.mcu.externaltools.gnu-tools-for-stm32.9-2020-q2-update.win32_2.0.0.202105311346/tools/bin/../lib/gcc/arm-none-eabi/9.3.1/../../../../arm-none-eabi/lib/thumb/v7-m/nofp\libc_nano.a(lib_a-memset.o)
